// Jest Snapshot v1, https://goo.gl/fbAQLP

exports[`<Login form /> renders correctly 1`] = `
Array [
  <View
    style={
      Array [
        Object {
          "alignItems": "center",
          "backgroundColor": "#faf5ff",
          "borderRadius": 8,
          "marginTop": 78,
          "paddingBottom": 48,
          "paddingHorizontal": 16,
          "paddingTop": 16,
          "width": "85%",
        },
      ]
    }
  >
    <Text
      style={
        Array [
          Object {
            "color": "#383E71",
            "fontFamily": "Montserrat-Regular",
            "fontSize": 26,
            "textAlign": "center",
            "width": "55%",
          },
        ]
      }
    >
      Olá, seja bem-vindo!
    </Text>
    <Text
      style={
        Array [
          Object {
            "color": "#989FDB",
            "fontFamily": "Montserrat-SemiBold",
            "fontSize": 13,
            "marginTop": 16,
            "textAlign": "center",
          },
        ]
      }
    >
      Para acessar a plataforma, faça seu login.
    </Text>
    <Text
      style={
        Array [
          Object {
            "alignSelf": "flex-start",
            "color": "#383E71",
            "fontFamily": "Montserrat-Regular",
            "fontSize": 10,
            "marginBottom": 8,
            "marginLeft": 24,
            "marginTop": 16,
          },
        ]
      }
    >
      E-MAIL
    </Text>
    <View
      hasError={false}
      style={
        Array [
          Object {
            "alignItems": "center",
            "borderColor": "#989FDB",
            "borderRadius": 8,
            "borderWidth": 1.5,
            "flexDirection": "row",
            "width": "93%",
          },
        ]
      }
    >
      <TextInput
        allowFontScaling={true}
        autoCapitalize="none"
        keyboardType="email-address"
        onBlur={[Function]}
        onChangeText={[Function]}
        placeholder="user.name@mail.com"
        placeholderTextColor="#989FDB"
        rejectResponderTermination={true}
        secureTextEntry={false}
        style={
          Array [
            Object {
              "flexBasis": 0,
              "flexGrow": 1,
              "flexShrink": 1,
              "fontFamily": "Montserrat-Regular",
              "paddingHorizontal": 16,
              "paddingVertical": 12,
            },
          ]
        }
        testID="email-input"
        underlineColorAndroid="transparent"
        value=""
      />
    </View>
    <Text
      style={
        Array [
          Object {
            "alignSelf": "flex-start",
            "color": "#383E71",
            "fontFamily": "Montserrat-Regular",
            "fontSize": 10,
            "marginBottom": 8,
            "marginLeft": 24,
            "marginTop": 16,
          },
        ]
      }
    >
      SENHA
    </Text>
    <View
      hasError={false}
      style={
        Array [
          Object {
            "alignItems": "center",
            "borderColor": "#989FDB",
            "borderRadius": 8,
            "borderWidth": 1.5,
            "flexDirection": "row",
            "width": "93%",
          },
        ]
      }
    >
      <TextInput
        allowFontScaling={true}
        autoCapitalize="none"
        onBlur={[Function]}
        onChangeText={[Function]}
        placeholder="*******"
        placeholderTextColor="#989FDB"
        rejectResponderTermination={true}
        secureTextEntry={true}
        style={
          Array [
            Object {
              "flexBasis": 0,
              "flexGrow": 1,
              "flexShrink": 1,
              "fontFamily": "Montserrat-Regular",
              "paddingHorizontal": 16,
              "paddingVertical": 12,
            },
          ]
        }
        testID="password-input"
        underlineColorAndroid="transparent"
        value=""
      />
    </View>
  </View>,
  <View
    accessible={true}
    focusable={true}
    onClick={[Function]}
    onResponderGrant={[Function]}
    onResponderMove={[Function]}
    onResponderRelease={[Function]}
    onResponderTerminate={[Function]}
    onResponderTerminationRequest={[Function]}
    onStartShouldSetResponder={[Function]}
    style={
      Object {
        "bottom": 45,
        "marginTop": 16,
        "opacity": 1,
        "position": "relative",
      }
    }
    testID="submit-button"
  >
    <BVLinearGradient
      colors={
        Array [
          4288488880,
          4281876081,
        ]
      }
      endPoint={
        Object {
          "x": 1,
          "y": 0,
        }
      }
      locations={null}
      startPoint={
        Object {
          "x": 0,
          "y": 0,
        }
      }
      style={
        Array [
          Object {
            "alignItems": "center",
            "borderRadius": 8,
            "height": 55,
            "justifyContent": "center",
            "width": 180,
          },
        ]
      }
    >
      <Text
        style={
          Array [
            Object {
              "color": "#fff",
              "fontFamily": "Montserrat-SemiBold",
              "fontSize": 16,
            },
          ]
        }
      >
        ENTRAR
      </Text>
    </BVLinearGradient>
  </View>,
]
`;
